[0.162s] DEBUG:colcon:Command line arguments: ['/usr/bin/colcon', 'build', '--symlink-install']
[0.162s] DEBUG:colcon:Parsed command line arguments: Namespace(log_base=None, log_level=None, verb_name='build', build_base='build', install_base='install', merge_install=False, symlink_install=True, test_result_base=None, continue_on_error=False, executor='parallel', parallel_workers=8, event_handlers=None, ignore_user_meta=False, metas=['./colcon.meta'], base_paths=['.'], packages_ignore=None, packages_ignore_regex=None, paths=None, packages_up_to=None, packages_up_to_regex=None, packages_above=None, packages_above_and_dependencies=None, packages_above_depth=None, packages_select_by_dep=None, packages_skip_by_dep=None, packages_skip_up_to=None, packages_select_build_failed=False, packages_skip_build_finished=False, packages_select_test_failures=False, packages_skip_test_passed=False, packages_select=None, packages_skip=None, packages_select_regex=None, packages_skip_regex=None, packages_start=None, packages_end=None, allow_overriding=[], cmake_args=None, cmake_target=None, cmake_target_skip_unavailable=False, cmake_clean_cache=False, cmake_clean_first=False, cmake_force_configure=False, ament_cmake_args=None, catkin_cmake_args=None, catkin_skip_building_tests=False, mixin_files=None, mixin=None, verb_parser=<colcon_mixin.mixin.mixin_argument.MixinArgumentDecorator object at 0x76ce62a62b60>, verb_extension=<colcon_core.verb.build.BuildVerb object at 0x76ce62a1d0c0>, main=<bound method BuildVerb.main of <colcon_core.verb.build.BuildVerb object at 0x76ce62a1d0c0>>, mixin_verb=('build',))
[0.393s] Level 1:colcon.colcon_core.package_discovery:discover_packages(colcon_meta) check parameters
[0.394s] Level 1:colcon.colcon_core.package_discovery:discover_packages(recursive) check parameters
[0.394s] Level 1:colcon.colcon_core.package_discovery:discover_packages(ignore) check parameters
[0.394s] Level 1:colcon.colcon_core.package_discovery:discover_packages(path) check parameters
[0.394s] Level 1:colcon.colcon_core.package_discovery:discover_packages(colcon_meta) discover
[0.394s] Level 1:colcon.colcon_core.package_discovery:discover_packages(recursive) discover
[0.394s] INFO:colcon.colcon_core.package_discovery:Crawling recursively for packages in '/home/gabriel/Desktop/SLAM_Thesis'
[0.394s] Level 1:colcon.colcon_core.package_identification:_identify(.) by extensions ['ignore', 'ignore_ament_install']
[0.394s] Level 1:colcon.colcon_core.package_identification:_identify(.) by extension 'ignore'
[0.394s] Level 1:colcon.colcon_core.package_identification:_identify(.) by extension 'ignore_ament_install'
[0.394s] Level 1:colcon.colcon_core.package_identification:_identify(.) by extensions ['colcon_pkg']
[0.394s] Level 1:colcon.colcon_core.package_identification:_identify(.) by extension 'colcon_pkg'
[0.395s] Level 1:colcon.colcon_core.package_identification:_identify(.) by extensions ['colcon_meta']
[0.395s] Level 1:colcon.colcon_core.package_identification:_identify(.) by extension 'colcon_meta'
[0.395s] Level 1:colcon.colcon_core.package_identification:_identify(.) by extensions ['ros']
[0.395s] Level 1:colcon.colcon_core.package_identification:_identify(.) by extension 'ros'
[0.413s] DEBUG:colcon.colcon_core.package_identification:Package '.' with type 'ros.ament_cmake' and name 'fastslam_thesis'
[0.413s] Level 1:colcon.colcon_core.package_discovery:discover_packages(recursive) using defaults
[0.413s] Level 1:colcon.colcon_core.package_discovery:discover_packages(ignore) discover
[0.413s] Level 1:colcon.colcon_core.package_discovery:discover_packages(ignore) using defaults
[0.413s] Level 1:colcon.colcon_core.package_discovery:discover_packages(path) discover
[0.413s] Level 1:colcon.colcon_core.package_discovery:discover_packages(path) using defaults
[0.459s] Level 1:colcon.colcon_core.package_discovery:discover_packages(prefix_path) check parameters
[0.459s] Level 1:colcon.colcon_core.package_discovery:discover_packages(prefix_path) discover
[0.463s] DEBUG:colcon.colcon_installed_package_information.package_discovery:Found 1 installed packages in /home/gabriel/Desktop/SLAM_Thesis/install
[0.467s] DEBUG:colcon.colcon_installed_package_information.package_discovery:Found 439 installed packages in /opt/ros/humble
[0.473s] Level 1:colcon.colcon_core.package_discovery:discover_packages(prefix_path) using defaults
[0.612s] Level 5:colcon.colcon_core.verb:set package 'fastslam_thesis' build argument 'cmake_args' from command line to 'None'
[0.613s] Level 5:colcon.colcon_core.verb:set package 'fastslam_thesis' build argument 'cmake_target' from command line to 'None'
[0.613s] Level 5:colcon.colcon_core.verb:set package 'fastslam_thesis' build argument 'cmake_target_skip_unavailable' from command line to 'False'
[0.613s] Level 5:colcon.colcon_core.verb:set package 'fastslam_thesis' build argument 'cmake_clean_cache' from command line to 'False'
[0.613s] Level 5:colcon.colcon_core.verb:set package 'fastslam_thesis' build argument 'cmake_clean_first' from command line to 'False'
[0.613s] Level 5:colcon.colcon_core.verb:set package 'fastslam_thesis' build argument 'cmake_force_configure' from command line to 'False'
[0.613s] Level 5:colcon.colcon_core.verb:set package 'fastslam_thesis' build argument 'ament_cmake_args' from command line to 'None'
[0.613s] Level 5:colcon.colcon_core.verb:set package 'fastslam_thesis' build argument 'catkin_cmake_args' from command line to 'None'
[0.613s] Level 5:colcon.colcon_core.verb:set package 'fastslam_thesis' build argument 'catkin_skip_building_tests' from command line to 'False'
[0.613s] DEBUG:colcon.colcon_core.verb:Building package 'fastslam_thesis' with the following arguments: {'ament_cmake_args': None, 'build_base': '/home/gabriel/Desktop/SLAM_Thesis/build/fastslam_thesis', 'catkin_cmake_args': None, 'catkin_skip_building_tests': False, 'cmake_args': None, 'cmake_clean_cache': False, 'cmake_clean_first': False, 'cmake_force_configure': False, 'cmake_target': None, 'cmake_target_skip_unavailable': False, 'install_base': '/home/gabriel/Desktop/SLAM_Thesis/install/fastslam_thesis', 'merge_install': False, 'path': '/home/gabriel/Desktop/SLAM_Thesis', 'symlink_install': True, 'test_result_base': None}
[0.613s] INFO:colcon.colcon_core.executor:Executing jobs using 'parallel' executor
[0.615s] DEBUG:colcon.colcon_parallel_executor.executor.parallel:run_until_complete
[0.615s] INFO:colcon.colcon_ros.task.ament_cmake.build:Building ROS package in '/home/gabriel/Desktop/SLAM_Thesis' with build type 'ament_cmake'
[0.616s] INFO:colcon.colcon_cmake.task.cmake.build:Building CMake package in '/home/gabriel/Desktop/SLAM_Thesis'
[0.620s] INFO:colcon.colcon_core.plugin_system:Skipping extension 'colcon_core.shell.bat': Not used on non-Windows systems
[0.620s] INFO:colcon.colcon_core.shell:Skip shell extension 'powershell' for command environment: Not usable outside of PowerShell
[0.620s] DEBUG:colcon.colcon_core.shell:Skip shell extension 'dsv' for command environment
[0.655s] DEBUG:colcon.colcon_core.event_handler.log_command:Invoking command in '/home/gabriel/Desktop/SLAM_Thesis/build/fastslam_thesis': CMAKE_PREFIX_PATH=${CMAKE_PREFIX_PATH}:/opt/ros/humble /usr/bin/cmake --build /home/gabriel/Desktop/SLAM_Thesis/build/fastslam_thesis -- -j8 -l8
[20.117s] DEBUG:colcon.colcon_core.event_handler.log_command:Invoked command in '/home/gabriel/Desktop/SLAM_Thesis/build/fastslam_thesis' returned '0': CMAKE_PREFIX_PATH=${CMAKE_PREFIX_PATH}:/opt/ros/humble /usr/bin/cmake --build /home/gabriel/Desktop/SLAM_Thesis/build/fastslam_thesis -- -j8 -l8
[20.136s] DEBUG:colcon.colcon_core.event_handler.log_command:Invoking command in '/home/gabriel/Desktop/SLAM_Thesis/build/fastslam_thesis': CMAKE_PREFIX_PATH=${CMAKE_PREFIX_PATH}:/opt/ros/humble /usr/bin/cmake --install /home/gabriel/Desktop/SLAM_Thesis/build/fastslam_thesis
[20.180s] Level 1:colcon.colcon_core.environment:create_environment_scripts_only(fastslam_thesis)
[20.181s] DEBUG:colcon.colcon_core.event_handler.log_command:Invoked command in '/home/gabriel/Desktop/SLAM_Thesis/build/fastslam_thesis' returned '0': CMAKE_PREFIX_PATH=${CMAKE_PREFIX_PATH}:/opt/ros/humble /usr/bin/cmake --install /home/gabriel/Desktop/SLAM_Thesis/build/fastslam_thesis
[20.187s] Level 1:colcon.colcon_core.environment:checking '/home/gabriel/Desktop/SLAM_Thesis/install/fastslam_thesis' for CMake module files
[20.189s] Level 1:colcon.colcon_core.environment:checking '/home/gabriel/Desktop/SLAM_Thesis/install/fastslam_thesis' for CMake config files
[20.191s] Level 1:colcon.colcon_core.shell:create_environment_hook('fastslam_thesis', 'cmake_prefix_path')
[20.192s] INFO:colcon.colcon_core.shell:Creating environment hook '/home/gabriel/Desktop/SLAM_Thesis/install/fastslam_thesis/share/fastslam_thesis/hook/cmake_prefix_path.ps1'
[20.194s] INFO:colcon.colcon_core.shell:Creating environment descriptor '/home/gabriel/Desktop/SLAM_Thesis/install/fastslam_thesis/share/fastslam_thesis/hook/cmake_prefix_path.dsv'
[20.195s] INFO:colcon.colcon_core.shell:Creating environment hook '/home/gabriel/Desktop/SLAM_Thesis/install/fastslam_thesis/share/fastslam_thesis/hook/cmake_prefix_path.sh'
[20.198s] Level 1:colcon.colcon_core.environment:checking '/home/gabriel/Desktop/SLAM_Thesis/install/fastslam_thesis/lib'
[20.198s] Level 1:colcon.colcon_core.environment:checking '/home/gabriel/Desktop/SLAM_Thesis/install/fastslam_thesis/bin'
[20.199s] Level 1:colcon.colcon_core.environment:checking '/home/gabriel/Desktop/SLAM_Thesis/install/fastslam_thesis/lib/pkgconfig/fastslam_thesis.pc'
[20.199s] Level 1:colcon.colcon_core.environment:checking '/home/gabriel/Desktop/SLAM_Thesis/install/fastslam_thesis/lib/python3.10/site-packages'
[20.200s] Level 1:colcon.colcon_core.environment:checking '/home/gabriel/Desktop/SLAM_Thesis/install/fastslam_thesis/bin'
[20.201s] INFO:colcon.colcon_core.shell:Creating package script '/home/gabriel/Desktop/SLAM_Thesis/install/fastslam_thesis/share/fastslam_thesis/package.ps1'
[20.204s] INFO:colcon.colcon_core.shell:Creating package descriptor '/home/gabriel/Desktop/SLAM_Thesis/install/fastslam_thesis/share/fastslam_thesis/package.dsv'
[20.206s] INFO:colcon.colcon_core.shell:Creating package script '/home/gabriel/Desktop/SLAM_Thesis/install/fastslam_thesis/share/fastslam_thesis/package.sh'
[20.209s] INFO:colcon.colcon_core.shell:Creating package script '/home/gabriel/Desktop/SLAM_Thesis/install/fastslam_thesis/share/fastslam_thesis/package.bash'
[20.212s] INFO:colcon.colcon_core.shell:Creating package script '/home/gabriel/Desktop/SLAM_Thesis/install/fastslam_thesis/share/fastslam_thesis/package.zsh'
[20.214s] Level 1:colcon.colcon_core.environment:create_file_with_runtime_dependencies(/home/gabriel/Desktop/SLAM_Thesis/install/fastslam_thesis/share/colcon-core/packages/fastslam_thesis)
[20.216s] Level 1:colcon.colcon_core.environment:create_environment_scripts_only(fastslam_thesis)
[20.217s] Level 1:colcon.colcon_core.environment:checking '/home/gabriel/Desktop/SLAM_Thesis/install/fastslam_thesis' for CMake module files
[20.219s] Level 1:colcon.colcon_core.environment:checking '/home/gabriel/Desktop/SLAM_Thesis/install/fastslam_thesis' for CMake config files
[20.220s] Level 1:colcon.colcon_core.shell:create_environment_hook('fastslam_thesis', 'cmake_prefix_path')
[20.221s] INFO:colcon.colcon_core.shell:Creating environment hook '/home/gabriel/Desktop/SLAM_Thesis/install/fastslam_thesis/share/fastslam_thesis/hook/cmake_prefix_path.ps1'
[20.222s] INFO:colcon.colcon_core.shell:Creating environment descriptor '/home/gabriel/Desktop/SLAM_Thesis/install/fastslam_thesis/share/fastslam_thesis/hook/cmake_prefix_path.dsv'
[20.223s] INFO:colcon.colcon_core.shell:Creating environment hook '/home/gabriel/Desktop/SLAM_Thesis/install/fastslam_thesis/share/fastslam_thesis/hook/cmake_prefix_path.sh'
[20.225s] Level 1:colcon.colcon_core.environment:checking '/home/gabriel/Desktop/SLAM_Thesis/install/fastslam_thesis/lib'
[20.226s] Level 1:colcon.colcon_core.environment:checking '/home/gabriel/Desktop/SLAM_Thesis/install/fastslam_thesis/bin'
[20.226s] Level 1:colcon.colcon_core.environment:checking '/home/gabriel/Desktop/SLAM_Thesis/install/fastslam_thesis/lib/pkgconfig/fastslam_thesis.pc'
[20.227s] Level 1:colcon.colcon_core.environment:checking '/home/gabriel/Desktop/SLAM_Thesis/install/fastslam_thesis/lib/python3.10/site-packages'
[20.228s] Level 1:colcon.colcon_core.environment:checking '/home/gabriel/Desktop/SLAM_Thesis/install/fastslam_thesis/bin'
[20.229s] INFO:colcon.colcon_core.shell:Creating package script '/home/gabriel/Desktop/SLAM_Thesis/install/fastslam_thesis/share/fastslam_thesis/package.ps1'
[20.230s] INFO:colcon.colcon_core.shell:Creating package descriptor '/home/gabriel/Desktop/SLAM_Thesis/install/fastslam_thesis/share/fastslam_thesis/package.dsv'
[20.231s] INFO:colcon.colcon_core.shell:Creating package script '/home/gabriel/Desktop/SLAM_Thesis/install/fastslam_thesis/share/fastslam_thesis/package.sh'
[20.232s] INFO:colcon.colcon_core.shell:Creating package script '/home/gabriel/Desktop/SLAM_Thesis/install/fastslam_thesis/share/fastslam_thesis/package.bash'
[20.232s] INFO:colcon.colcon_core.shell:Creating package script '/home/gabriel/Desktop/SLAM_Thesis/install/fastslam_thesis/share/fastslam_thesis/package.zsh'
[20.233s] Level 1:colcon.colcon_core.environment:create_file_with_runtime_dependencies(/home/gabriel/Desktop/SLAM_Thesis/install/fastslam_thesis/share/colcon-core/packages/fastslam_thesis)
[20.234s] DEBUG:colcon.colcon_parallel_executor.executor.parallel:closing loop
[20.234s] DEBUG:colcon.colcon_parallel_executor.executor.parallel:loop closed
[20.234s] DEBUG:colcon.colcon_parallel_executor.executor.parallel:run_until_complete finished with '0'
[20.234s] DEBUG:colcon.colcon_core.event_reactor:joining thread
[20.246s] INFO:colcon.colcon_core.plugin_system:Skipping extension 'colcon_notification.desktop_notification.terminal_notifier': Not used on non-Darwin systems
[20.246s] INFO:colcon.colcon_core.plugin_system:Skipping extension 'colcon_notification.desktop_notification.win32': Not used on non-Windows systems
[20.246s] INFO:colcon.colcon_notification.desktop_notification:Sending desktop notification using 'notify2'
[20.276s] DEBUG:colcon.colcon_core.event_reactor:joined thread
[20.277s] INFO:colcon.colcon_core.shell:Creating prefix script '/home/gabriel/Desktop/SLAM_Thesis/install/local_setup.ps1'
[20.280s] INFO:colcon.colcon_core.shell:Creating prefix util module '/home/gabriel/Desktop/SLAM_Thesis/install/_local_setup_util_ps1.py'
[20.283s] INFO:colcon.colcon_core.shell:Creating prefix chain script '/home/gabriel/Desktop/SLAM_Thesis/install/setup.ps1'
[20.285s] INFO:colcon.colcon_core.shell:Creating prefix script '/home/gabriel/Desktop/SLAM_Thesis/install/local_setup.sh'
[20.286s] INFO:colcon.colcon_core.shell:Creating prefix util module '/home/gabriel/Desktop/SLAM_Thesis/install/_local_setup_util_sh.py'
[20.287s] INFO:colcon.colcon_core.shell:Creating prefix chain script '/home/gabriel/Desktop/SLAM_Thesis/install/setup.sh'
[20.289s] INFO:colcon.colcon_core.shell:Creating prefix script '/home/gabriel/Desktop/SLAM_Thesis/install/local_setup.bash'
[20.290s] INFO:colcon.colcon_core.shell:Creating prefix chain script '/home/gabriel/Desktop/SLAM_Thesis/install/setup.bash'
[20.292s] INFO:colcon.colcon_core.shell:Creating prefix script '/home/gabriel/Desktop/SLAM_Thesis/install/local_setup.zsh'
[20.293s] INFO:colcon.colcon_core.shell:Creating prefix chain script '/home/gabriel/Desktop/SLAM_Thesis/install/setup.zsh'
