[0.167s] DEBUG:colcon:Command line arguments: ['/usr/bin/colcon', 'build', '--symlink-install']
[0.167s] DEBUG:colcon:Parsed command line arguments: Namespace(log_base=None, log_level=None, verb_name='build', build_base='build', install_base='install', merge_install=False, symlink_install=True, test_result_base=None, continue_on_error=False, executor='parallel', parallel_workers=8, event_handlers=None, ignore_user_meta=False, metas=['./colcon.meta'], base_paths=['.'], packages_ignore=None, packages_ignore_regex=None, paths=None, packages_up_to=None, packages_up_to_regex=None, packages_above=None, packages_above_and_dependencies=None, packages_above_depth=None, packages_select_by_dep=None, packages_skip_by_dep=None, packages_skip_up_to=None, packages_select_build_failed=False, packages_skip_build_finished=False, packages_select_test_failures=False, packages_skip_test_passed=False, packages_select=None, packages_skip=None, packages_select_regex=None, packages_skip_regex=None, packages_start=None, packages_end=None, allow_overriding=[], cmake_args=None, cmake_target=None, cmake_target_skip_unavailable=False, cmake_clean_cache=False, cmake_clean_first=False, cmake_force_configure=False, ament_cmake_args=None, catkin_cmake_args=None, catkin_skip_building_tests=False, mixin_files=None, mixin=None, verb_parser=<colcon_mixin.mixin.mixin_argument.MixinArgumentDecorator object at 0x75027be20f70>, verb_extension=<colcon_core.verb.build.BuildVerb object at 0x75027bf9e9b0>, main=<bound method BuildVerb.main of <colcon_core.verb.build.BuildVerb object at 0x75027bf9e9b0>>, mixin_verb=('build',))
[0.454s] Level 1:colcon.colcon_core.package_discovery:discover_packages(colcon_meta) check parameters
[0.454s] Level 1:colcon.colcon_core.package_discovery:discover_packages(recursive) check parameters
[0.454s] Level 1:colcon.colcon_core.package_discovery:discover_packages(ignore) check parameters
[0.454s] Level 1:colcon.colcon_core.package_discovery:discover_packages(path) check parameters
[0.454s] Level 1:colcon.colcon_core.package_discovery:discover_packages(colcon_meta) discover
[0.454s] Level 1:colcon.colcon_core.package_discovery:discover_packages(recursive) discover
[0.455s] INFO:colcon.colcon_core.package_discovery:Crawling recursively for packages in '/home/gabriel/Desktop/SLAM_Thesis'
[0.455s] Level 1:colcon.colcon_core.package_identification:_identify(.) by extensions ['ignore', 'ignore_ament_install']
[0.455s] Level 1:colcon.colcon_core.package_identification:_identify(.) by extension 'ignore'
[0.455s] Level 1:colcon.colcon_core.package_identification:_identify(.) by extension 'ignore_ament_install'
[0.455s] Level 1:colcon.colcon_core.package_identification:_identify(.) by extensions ['colcon_pkg']
[0.455s] Level 1:colcon.colcon_core.package_identification:_identify(.) by extension 'colcon_pkg'
[0.455s] Level 1:colcon.colcon_core.package_identification:_identify(.) by extensions ['colcon_meta']
[0.455s] Level 1:colcon.colcon_core.package_identification:_identify(.) by extension 'colcon_meta'
[0.455s] Level 1:colcon.colcon_core.package_identification:_identify(.) by extensions ['ros']
[0.455s] Level 1:colcon.colcon_core.package_identification:_identify(.) by extension 'ros'
[0.486s] DEBUG:colcon.colcon_core.package_identification:Package '.' with type 'ros.ament_cmake' and name 'fastslam_thesis'
[0.486s] Level 1:colcon.colcon_core.package_discovery:discover_packages(recursive) using defaults
[0.486s] Level 1:colcon.colcon_core.package_discovery:discover_packages(ignore) discover
[0.486s] Level 1:colcon.colcon_core.package_discovery:discover_packages(ignore) using defaults
[0.486s] Level 1:colcon.colcon_core.package_discovery:discover_packages(path) discover
[0.487s] Level 1:colcon.colcon_core.package_discovery:discover_packages(path) using defaults
[0.523s] Level 1:colcon.colcon_core.package_discovery:discover_packages(prefix_path) check parameters
[0.523s] Level 1:colcon.colcon_core.package_discovery:discover_packages(prefix_path) discover
[0.526s] Level 1:colcon.colcon_core.package_discovery:discover_packages(prefix_path) using defaults
[0.529s] Level 5:colcon.colcon_core.verb:set package 'fastslam_thesis' build argument 'cmake_args' from command line to 'None'
[0.530s] Level 5:colcon.colcon_core.verb:set package 'fastslam_thesis' build argument 'cmake_target' from command line to 'None'
[0.530s] Level 5:colcon.colcon_core.verb:set package 'fastslam_thesis' build argument 'cmake_target_skip_unavailable' from command line to 'False'
[0.530s] Level 5:colcon.colcon_core.verb:set package 'fastslam_thesis' build argument 'cmake_clean_cache' from command line to 'False'
[0.530s] Level 5:colcon.colcon_core.verb:set package 'fastslam_thesis' build argument 'cmake_clean_first' from command line to 'False'
[0.530s] Level 5:colcon.colcon_core.verb:set package 'fastslam_thesis' build argument 'cmake_force_configure' from command line to 'False'
[0.530s] Level 5:colcon.colcon_core.verb:set package 'fastslam_thesis' build argument 'ament_cmake_args' from command line to 'None'
[0.530s] Level 5:colcon.colcon_core.verb:set package 'fastslam_thesis' build argument 'catkin_cmake_args' from command line to 'None'
[0.530s] Level 5:colcon.colcon_core.verb:set package 'fastslam_thesis' build argument 'catkin_skip_building_tests' from command line to 'False'
[0.530s] DEBUG:colcon.colcon_core.verb:Building package 'fastslam_thesis' with the following arguments: {'ament_cmake_args': None, 'build_base': '/home/gabriel/Desktop/SLAM_Thesis/build/fastslam_thesis', 'catkin_cmake_args': None, 'catkin_skip_building_tests': False, 'cmake_args': None, 'cmake_clean_cache': False, 'cmake_clean_first': False, 'cmake_force_configure': False, 'cmake_target': None, 'cmake_target_skip_unavailable': False, 'install_base': '/home/gabriel/Desktop/SLAM_Thesis/install/fastslam_thesis', 'merge_install': False, 'path': '/home/gabriel/Desktop/SLAM_Thesis', 'symlink_install': True, 'test_result_base': None}
[0.530s] INFO:colcon.colcon_core.executor:Executing jobs using 'parallel' executor
[0.532s] DEBUG:colcon.colcon_parallel_executor.executor.parallel:run_until_complete
[0.533s] INFO:colcon.colcon_ros.task.ament_cmake.build:Building ROS package in '/home/gabriel/Desktop/SLAM_Thesis' with build type 'ament_cmake'
[0.534s] INFO:colcon.colcon_cmake.task.cmake.build:Building CMake package in '/home/gabriel/Desktop/SLAM_Thesis'
[0.550s] INFO:colcon.colcon_core.plugin_system:Skipping extension 'colcon_core.shell.bat': Not used on non-Windows systems
[0.550s] INFO:colcon.colcon_core.shell:Skip shell extension 'powershell' for command environment: Not usable outside of PowerShell
[0.550s] DEBUG:colcon.colcon_core.shell:Skip shell extension 'dsv' for command environment
[0.563s] DEBUG:colcon.colcon_core.event_handler.log_command:Invoking command in '/home/gabriel/Desktop/SLAM_Thesis/build/fastslam_thesis': /usr/bin/cmake --build /home/gabriel/Desktop/SLAM_Thesis/build/fastslam_thesis -- -j8 -l8
[18.558s] DEBUG:colcon.colcon_core.event_handler.log_command:Invoked command in '/home/gabriel/Desktop/SLAM_Thesis/build/fastslam_thesis' returned '0': /usr/bin/cmake --build /home/gabriel/Desktop/SLAM_Thesis/build/fastslam_thesis -- -j8 -l8
[18.572s] DEBUG:colcon.colcon_core.event_handler.log_command:Invoking command in '/home/gabriel/Desktop/SLAM_Thesis/build/fastslam_thesis': /usr/bin/cmake --install /home/gabriel/Desktop/SLAM_Thesis/build/fastslam_thesis
[18.608s] Level 1:colcon.colcon_core.environment:create_environment_scripts_only(fastslam_thesis)
[18.609s] DEBUG:colcon.colcon_core.event_handler.log_command:Invoked command in '/home/gabriel/Desktop/SLAM_Thesis/build/fastslam_thesis' returned '0': /usr/bin/cmake --install /home/gabriel/Desktop/SLAM_Thesis/build/fastslam_thesis
[18.628s] Level 1:colcon.colcon_core.environment:checking '/home/gabriel/Desktop/SLAM_Thesis/install/fastslam_thesis' for CMake module files
[18.631s] Level 1:colcon.colcon_core.environment:checking '/home/gabriel/Desktop/SLAM_Thesis/install/fastslam_thesis' for CMake config files
[18.632s] Level 1:colcon.colcon_core.shell:create_environment_hook('fastslam_thesis', 'cmake_prefix_path')
[18.633s] INFO:colcon.colcon_core.shell:Creating environment hook '/home/gabriel/Desktop/SLAM_Thesis/install/fastslam_thesis/share/fastslam_thesis/hook/cmake_prefix_path.ps1'
[18.635s] INFO:colcon.colcon_core.shell:Creating environment descriptor '/home/gabriel/Desktop/SLAM_Thesis/install/fastslam_thesis/share/fastslam_thesis/hook/cmake_prefix_path.dsv'
[18.636s] INFO:colcon.colcon_core.shell:Creating environment hook '/home/gabriel/Desktop/SLAM_Thesis/install/fastslam_thesis/share/fastslam_thesis/hook/cmake_prefix_path.sh'
[18.639s] Level 1:colcon.colcon_core.environment:checking '/home/gabriel/Desktop/SLAM_Thesis/install/fastslam_thesis/lib'
[18.640s] Level 1:colcon.colcon_core.environment:checking '/home/gabriel/Desktop/SLAM_Thesis/install/fastslam_thesis/bin'
[18.640s] Level 1:colcon.colcon_core.environment:checking '/home/gabriel/Desktop/SLAM_Thesis/install/fastslam_thesis/lib/pkgconfig/fastslam_thesis.pc'
[18.646s] Level 1:colcon.colcon_core.environment:checking '/home/gabriel/Desktop/SLAM_Thesis/install/fastslam_thesis/lib/python3.10/site-packages'
[18.647s] Level 1:colcon.colcon_core.environment:checking '/home/gabriel/Desktop/SLAM_Thesis/install/fastslam_thesis/bin'
[18.648s] INFO:colcon.colcon_core.shell:Creating package script '/home/gabriel/Desktop/SLAM_Thesis/install/fastslam_thesis/share/fastslam_thesis/package.ps1'
[18.651s] INFO:colcon.colcon_core.shell:Creating package descriptor '/home/gabriel/Desktop/SLAM_Thesis/install/fastslam_thesis/share/fastslam_thesis/package.dsv'
[18.652s] INFO:colcon.colcon_core.shell:Creating package script '/home/gabriel/Desktop/SLAM_Thesis/install/fastslam_thesis/share/fastslam_thesis/package.sh'
[18.655s] INFO:colcon.colcon_core.shell:Creating package script '/home/gabriel/Desktop/SLAM_Thesis/install/fastslam_thesis/share/fastslam_thesis/package.bash'
[18.658s] INFO:colcon.colcon_core.shell:Creating package script '/home/gabriel/Desktop/SLAM_Thesis/install/fastslam_thesis/share/fastslam_thesis/package.zsh'
[18.661s] Level 1:colcon.colcon_core.environment:create_file_with_runtime_dependencies(/home/gabriel/Desktop/SLAM_Thesis/install/fastslam_thesis/share/colcon-core/packages/fastslam_thesis)
[18.663s] Level 1:colcon.colcon_core.environment:create_environment_scripts_only(fastslam_thesis)
[18.663s] Level 1:colcon.colcon_core.environment:checking '/home/gabriel/Desktop/SLAM_Thesis/install/fastslam_thesis' for CMake module files
[18.665s] Level 1:colcon.colcon_core.environment:checking '/home/gabriel/Desktop/SLAM_Thesis/install/fastslam_thesis' for CMake config files
[18.666s] Level 1:colcon.colcon_core.shell:create_environment_hook('fastslam_thesis', 'cmake_prefix_path')
[18.666s] INFO:colcon.colcon_core.shell:Creating environment hook '/home/gabriel/Desktop/SLAM_Thesis/install/fastslam_thesis/share/fastslam_thesis/hook/cmake_prefix_path.ps1'
[18.668s] INFO:colcon.colcon_core.shell:Creating environment descriptor '/home/gabriel/Desktop/SLAM_Thesis/install/fastslam_thesis/share/fastslam_thesis/hook/cmake_prefix_path.dsv'
[18.669s] INFO:colcon.colcon_core.shell:Creating environment hook '/home/gabriel/Desktop/SLAM_Thesis/install/fastslam_thesis/share/fastslam_thesis/hook/cmake_prefix_path.sh'
[18.670s] Level 1:colcon.colcon_core.environment:checking '/home/gabriel/Desktop/SLAM_Thesis/install/fastslam_thesis/lib'
[18.670s] Level 1:colcon.colcon_core.environment:checking '/home/gabriel/Desktop/SLAM_Thesis/install/fastslam_thesis/bin'
[18.671s] Level 1:colcon.colcon_core.environment:checking '/home/gabriel/Desktop/SLAM_Thesis/install/fastslam_thesis/lib/pkgconfig/fastslam_thesis.pc'
[18.671s] Level 1:colcon.colcon_core.environment:checking '/home/gabriel/Desktop/SLAM_Thesis/install/fastslam_thesis/lib/python3.10/site-packages'
[18.672s] Level 1:colcon.colcon_core.environment:checking '/home/gabriel/Desktop/SLAM_Thesis/install/fastslam_thesis/bin'
[18.673s] INFO:colcon.colcon_core.shell:Creating package script '/home/gabriel/Desktop/SLAM_Thesis/install/fastslam_thesis/share/fastslam_thesis/package.ps1'
[18.673s] INFO:colcon.colcon_core.shell:Creating package descriptor '/home/gabriel/Desktop/SLAM_Thesis/install/fastslam_thesis/share/fastslam_thesis/package.dsv'
[18.674s] INFO:colcon.colcon_core.shell:Creating package script '/home/gabriel/Desktop/SLAM_Thesis/install/fastslam_thesis/share/fastslam_thesis/package.sh'
[18.675s] INFO:colcon.colcon_core.shell:Creating package script '/home/gabriel/Desktop/SLAM_Thesis/install/fastslam_thesis/share/fastslam_thesis/package.bash'
[18.675s] INFO:colcon.colcon_core.shell:Creating package script '/home/gabriel/Desktop/SLAM_Thesis/install/fastslam_thesis/share/fastslam_thesis/package.zsh'
[18.676s] Level 1:colcon.colcon_core.environment:create_file_with_runtime_dependencies(/home/gabriel/Desktop/SLAM_Thesis/install/fastslam_thesis/share/colcon-core/packages/fastslam_thesis)
[18.676s] DEBUG:colcon.colcon_parallel_executor.executor.parallel:closing loop
[18.677s] DEBUG:colcon.colcon_parallel_executor.executor.parallel:loop closed
[18.677s] DEBUG:colcon.colcon_parallel_executor.executor.parallel:run_until_complete finished with '0'
[18.677s] DEBUG:colcon.colcon_core.event_reactor:joining thread
[18.696s] INFO:colcon.colcon_core.plugin_system:Skipping extension 'colcon_notification.desktop_notification.terminal_notifier': Not used on non-Darwin systems
[18.697s] INFO:colcon.colcon_core.plugin_system:Skipping extension 'colcon_notification.desktop_notification.win32': Not used on non-Windows systems
[18.697s] INFO:colcon.colcon_notification.desktop_notification:Sending desktop notification using 'notify2'
[18.730s] DEBUG:colcon.colcon_core.event_reactor:joined thread
[18.731s] INFO:colcon.colcon_core.shell:Creating prefix script '/home/gabriel/Desktop/SLAM_Thesis/install/local_setup.ps1'
[18.733s] INFO:colcon.colcon_core.shell:Creating prefix util module '/home/gabriel/Desktop/SLAM_Thesis/install/_local_setup_util_ps1.py'
[18.736s] INFO:colcon.colcon_core.shell:Creating prefix chain script '/home/gabriel/Desktop/SLAM_Thesis/install/setup.ps1'
[18.739s] INFO:colcon.colcon_core.shell:Creating prefix script '/home/gabriel/Desktop/SLAM_Thesis/install/local_setup.sh'
[18.740s] INFO:colcon.colcon_core.shell:Creating prefix util module '/home/gabriel/Desktop/SLAM_Thesis/install/_local_setup_util_sh.py'
[18.741s] INFO:colcon.colcon_core.shell:Creating prefix chain script '/home/gabriel/Desktop/SLAM_Thesis/install/setup.sh'
[18.743s] INFO:colcon.colcon_core.shell:Creating prefix script '/home/gabriel/Desktop/SLAM_Thesis/install/local_setup.bash'
[18.744s] INFO:colcon.colcon_core.shell:Creating prefix chain script '/home/gabriel/Desktop/SLAM_Thesis/install/setup.bash'
[18.746s] INFO:colcon.colcon_core.shell:Creating prefix script '/home/gabriel/Desktop/SLAM_Thesis/install/local_setup.zsh'
[18.747s] INFO:colcon.colcon_core.shell:Creating prefix chain script '/home/gabriel/Desktop/SLAM_Thesis/install/setup.zsh'
