[0.030s] Invoking command in '/home/gabriel/Desktop/SLAM_Thesis/build/fastslam_thesis': /usr/bin/cmake --build /home/gabriel/Desktop/SLAM_Thesis/build/fastslam_thesis -- -j8 -l8
[0.155s] [35m[1mConsolidate compiler generated dependencies of target fastslam_node[0m
[0.194s] [ 20%] [32mBuilding CXX object CMakeFiles/fastslam_node.dir/src/fastslam_node.cpp.o[0m
[16.773s] [ 40%] [32m[1mLinking CXX executable fastslam_node[0m
[18.007s] [100%] Built target fastslam_node
[18.024s] Invoked command in '/home/gabriel/Desktop/SLAM_Thesis/build/fastslam_thesis' returned '0': /usr/bin/cmake --build /home/gabriel/Desktop/SLAM_Thesis/build/fastslam_thesis -- -j8 -l8
[18.039s] Invoking command in '/home/gabriel/Desktop/SLAM_Thesis/build/fastslam_thesis': /usr/bin/cmake --install /home/gabriel/Desktop/SLAM_Thesis/build/fastslam_thesis
[18.049s] -- Install configuration: ""
[18.050s] -- Execute custom install script
[18.050s] -- Up-to-date symlink: /home/gabriel/Desktop/SLAM_Thesis/install/fastslam_thesis/lib/fastslam_thesis/fastslam_node
[18.051s] -- Up-to-date symlink: /home/gabriel/Desktop/SLAM_Thesis/install/fastslam_thesis/share/fastslam_thesis/launch/fastslam.launch.py
[18.051s] -- Up-to-date symlink: /home/gabriel/Desktop/SLAM_Thesis/install/fastslam_thesis/share/ament_index/resource_index/package_run_dependencies/fastslam_thesis
[18.052s] -- Up-to-date symlink: /home/gabriel/Desktop/SLAM_Thesis/install/fastslam_thesis/share/ament_index/resource_index/parent_prefix_path/fastslam_thesis
[18.052s] -- Up-to-date symlink: /home/gabriel/Desktop/SLAM_Thesis/install/fastslam_thesis/share/fastslam_thesis/environment/ament_prefix_path.sh
[18.052s] -- Up-to-date symlink: /home/gabriel/Desktop/SLAM_Thesis/install/fastslam_thesis/share/fastslam_thesis/environment/ament_prefix_path.dsv
[18.053s] -- Up-to-date symlink: /home/gabriel/Desktop/SLAM_Thesis/install/fastslam_thesis/share/fastslam_thesis/environment/path.sh
[18.053s] -- Up-to-date symlink: /home/gabriel/Desktop/SLAM_Thesis/install/fastslam_thesis/share/fastslam_thesis/environment/path.dsv
[18.053s] -- Up-to-date symlink: /home/gabriel/Desktop/SLAM_Thesis/install/fastslam_thesis/share/fastslam_thesis/local_setup.bash
[18.053s] -- Up-to-date symlink: /home/gabriel/Desktop/SLAM_Thesis/install/fastslam_thesis/share/fastslam_thesis/local_setup.sh
[18.054s] -- Up-to-date symlink: /home/gabriel/Desktop/SLAM_Thesis/install/fastslam_thesis/share/fastslam_thesis/local_setup.zsh
[18.054s] -- Up-to-date symlink: /home/gabriel/Desktop/SLAM_Thesis/install/fastslam_thesis/share/fastslam_thesis/local_setup.dsv
[18.054s] -- Symlinking: /home/gabriel/Desktop/SLAM_Thesis/install/fastslam_thesis/share/fastslam_thesis/package.dsv
[18.070s] -- Up-to-date symlink: /home/gabriel/Desktop/SLAM_Thesis/install/fastslam_thesis/share/ament_index/resource_index/packages/fastslam_thesis
[18.070s] -- Up-to-date symlink: /home/gabriel/Desktop/SLAM_Thesis/install/fastslam_thesis/share/fastslam_thesis/cmake/fastslam_thesisConfig.cmake
[18.071s] -- Up-to-date symlink: /home/gabriel/Desktop/SLAM_Thesis/install/fastslam_thesis/share/fastslam_thesis/cmake/fastslam_thesisConfig-version.cmake
[18.071s] -- Up-to-date symlink: /home/gabriel/Desktop/SLAM_Thesis/install/fastslam_thesis/share/fastslam_thesis/package.xml
[18.076s] Invoked command in '/home/gabriel/Desktop/SLAM_Thesis/build/fastslam_thesis' returned '0': /usr/bin/cmake --install /home/gabriel/Desktop/SLAM_Thesis/build/fastslam_thesis
