[01m[K/home/gabriel/Desktop/SLAM_Thesis/src/measurement_model.cpp:19:8:[m[K [01;31m[Kerror: [m[Kno declaration matches ‘[01m[Kdouble MeasurementModel::computeWeight(const std::vector<float>&, double, double, double, const OccupancyGrid&, double, double)[m[K’
   19 | double [01;31m[KMeasurementModel[m[K::computeWeight(const std::vector<float>& ranges,
      |        [01;31m[K^~~~~~~~~~~~~~~~[m[K
In file included from [01m[K/home/gabriel/Desktop/SLAM_Thesis/src/measurement_model.cpp:1[m[K:
[01m[K/home/gabriel/Desktop/SLAM_Thesis/src/measurement_model.hpp:43:12:[m[K [01;36m[Knote: [m[Kcandidate is: ‘[01m[Kdouble MeasurementModel::computeWeight(const std::vector<float>&, double, double, double, const OccupancyGrid&)[m[K’
   43 |     double [01;36m[KcomputeWeight[m[K(const std::vector<float>& ranges,
      |            [01;36m[K^~~~~~~~~~~~~[m[K
[01m[K/home/gabriel/Desktop/SLAM_Thesis/src/measurement_model.hpp:20:7:[m[K [01;36m[Knote: [m[K‘[01m[Kclass MeasurementModel[m[K’ defined here
   20 | class [01;36m[KMeasurementModel[m[K {
      |       [01;36m[K^~~~~~~~~~~~~~~~[m[K
gmake[2]: *** [CMakeFiles/fastslam_node.dir/build.make:104: CMakeFiles/fastslam_node.dir/src/measurement_model.cpp.o] Error 1
gmake[2]: *** Waiting for unfinished jobs....
[01m[K/home/gabriel/Desktop/SLAM_Thesis/src/fastslam_node.cpp:[m[K In member function ‘[01m[Kvoid FastSlamNode::scanCallback(sensor_msgs::msg::LaserScan_<std::allocator<void> >::SharedPtr)[m[K’:
[01m[K/home/gabriel/Desktop/SLAM_Thesis/src/fastslam_node.cpp:199:57:[m[K [01;31m[Kerror: [m[Kno matching function for call to ‘[01m[KMeasurementModel::computeWeight(std::vector<float>&, double&, double&, double&, nav_msgs::msg::OccupancyGrid&, double&, double&)[m[K’
  199 | [01;31m[Kmeasurement_model_->computeWeight([m[K
      | [01;31m[K~~~~~~~~~~~~~~~~~~~~~~~~~~~~~~~~~^[m[K

  200 | [01;31m[Kd_ranges,[m[K
      | [01;31m[K~~~~~~~~~[m[K                         

  201 | 
      |                                   

  202 | 
      |                                   

  203 | [01;31m[K,[m[K
      | [01;31m[K~[m[K                                 

  204 | 
      |                                   

  205 | [01;31m[Kin,       // <--- NOVO[m[K
      | [01;31m[K~~~~~~~~~~~~~~~~~~~~~~[m[K            

  206 | [01;31m[Kncrement  // <--- NOVO[m[K
      | [01;31m[K~~~~~~~~~~~~~~~~~~~~~~[m[K            

  207 | 
      |                                   

In file included from [01m[K/home/gabriel/Desktop/SLAM_Thesis/src/fastslam_node.cpp:21[m[K:
[01m[K/home/gabriel/Desktop/SLAM_Thesis/src/measurement_model.hpp:43:12:[m[K [01;36m[Knote: [m[Kcandidate: ‘[01m[Kdouble MeasurementModel::computeWeight(const std::vector<float>&, double, double, double, const OccupancyGrid&)[m[K’
   43 |     double [01;36m[KcomputeWeight[m[K(const std::vector<float>& ranges,
      |            [01;36m[K^~~~~~~~~~~~~[m[K
[01m[K/home/gabriel/Desktop/SLAM_Thesis/src/measurement_model.hpp:43:12:[m[K [01;36m[Knote: [m[K  candidate expects 5 arguments, 7 provided
gmake[2]: *** [CMakeFiles/fastslam_node.dir/build.make:76: CMakeFiles/fastslam_node.dir/src/fastslam_node.cpp.o] Error 1
gmake[1]: *** [CMakeFiles/Makefile2:137: CMakeFiles/fastslam_node.dir/all] Error 2
gmake: *** [Makefile:146: all] Error 2
