[0.025s] Invoking command in '/home/gabriel/Desktop/SLAM_Thesis/build/fastslam_thesis': CMAKE_PREFIX_PATH=${CMAKE_PREFIX_PATH}:/opt/ros/humble /usr/bin/cmake --build /home/gabriel/Desktop/SLAM_Thesis/build/fastslam_thesis -- -j8 -l8
[0.100s] [35m[1mConsolidate compiler generated dependencies of target fastslam_node[0m
[0.139s] [ 40%] [32mBuilding CXX object CMakeFiles/fastslam_node.dir/src/measurement_model.cpp.o[0m
[0.139s] [ 40%] [32mBuilding CXX object CMakeFiles/fastslam_node.dir/src/fastslam_node.cpp.o[0m
[1.016s] [01m[K/home/gabriel/Desktop/SLAM_Thesis/src/measurement_model.cpp:19:8:[m[K [01;31m[Kerror: [m[Kno declaration matches ‘[01m[Kdouble MeasurementModel::computeWeight(const std::vector<float>&, double, double, double, const OccupancyGrid&, double, double)[m[K’
[1.016s]    19 | double [01;31m[KMeasurementModel[m[K::computeWeight(const std::vector<float>& ranges,
[1.017s]       |        [01;31m[K^~~~~~~~~~~~~~~~[m[K
[1.017s] In file included from [01m[K/home/gabriel/Desktop/SLAM_Thesis/src/measurement_model.cpp:1[m[K:
[1.017s] [01m[K/home/gabriel/Desktop/SLAM_Thesis/src/measurement_model.hpp:43:12:[m[K [01;36m[Knote: [m[Kcandidate is: ‘[01m[Kdouble MeasurementModel::computeWeight(const std::vector<float>&, double, double, double, const OccupancyGrid&)[m[K’
[1.017s]    43 |     double [01;36m[KcomputeWeight[m[K(const std::vector<float>& ranges,
[1.017s]       |            [01;36m[K^~~~~~~~~~~~~[m[K
[1.017s] [01m[K/home/gabriel/Desktop/SLAM_Thesis/src/measurement_model.hpp:20:7:[m[K [01;36m[Knote: [m[K‘[01m[Kclass MeasurementModel[m[K’ defined here
[1.017s]    20 | class [01;36m[KMeasurementModel[m[K {
[1.018s]       |       [01;36m[K^~~~~~~~~~~~~~~~[m[K
[1.135s] gmake[2]: *** [CMakeFiles/fastslam_node.dir/build.make:104: CMakeFiles/fastslam_node.dir/src/measurement_model.cpp.o] Error 1
[1.136s] gmake[2]: *** Waiting for unfinished jobs....
[3.916s] [01m[K/home/gabriel/Desktop/SLAM_Thesis/src/fastslam_node.cpp:[m[K In member function ‘[01m[Kvoid FastSlamNode::scanCallback(sensor_msgs::msg::LaserScan_<std::allocator<void> >::SharedPtr)[m[K’:
[3.916s] [01m[K/home/gabriel/Desktop/SLAM_Thesis/src/fastslam_node.cpp:199:57:[m[K [01;31m[Kerror: [m[Kno matching function for call to ‘[01m[KMeasurementModel::computeWeight(std::vector<float>&, double&, double&, double&, nav_msgs::msg::OccupancyGrid&, double&, double&)[m[K’
[3.916s]   199 | [01;31m[Kmeasurement_model_->computeWeight([m[K
[3.916s]       | [01;31m[K~~~~~~~~~~~~~~~~~~~~~~~~~~~~~~~~~^[m[K
[3.917s] 
[3.917s]   200 | [01;31m[Kd_ranges,[m[K
[3.917s]       | [01;31m[K~~~~~~~~~[m[K                         
[3.917s] 
[3.917s]   201 | 
[3.917s]       |                                   
[3.917s] 
[3.917s]   202 | 
[3.918s]       |                                   
[3.918s] 
[3.918s]   203 | [01;31m[K,[m[K
[3.918s]       | [01;31m[K~[m[K                                 
[3.918s] 
[3.918s]   204 | 
[3.918s]       |                                   
[3.919s] 
[3.919s]   205 | [01;31m[Kin,       // <--- NOVO[m[K
[3.919s]       | [01;31m[K~~~~~~~~~~~~~~~~~~~~~~[m[K            
[3.919s] 
[3.919s]   206 | [01;31m[Kncrement  // <--- NOVO[m[K
[3.919s]       | [01;31m[K~~~~~~~~~~~~~~~~~~~~~~[m[K            
[3.919s] 
[3.919s]   207 | 
[3.920s]       |                                   
[3.920s] 
[3.920s] In file included from [01m[K/home/gabriel/Desktop/SLAM_Thesis/src/fastslam_node.cpp:21[m[K:
[3.920s] [01m[K/home/gabriel/Desktop/SLAM_Thesis/src/measurement_model.hpp:43:12:[m[K [01;36m[Knote: [m[Kcandidate: ‘[01m[Kdouble MeasurementModel::computeWeight(const std::vector<float>&, double, double, double, const OccupancyGrid&)[m[K’
[3.920s]    43 |     double [01;36m[KcomputeWeight[m[K(const std::vector<float>& ranges,
[3.920s]       |            [01;36m[K^~~~~~~~~~~~~[m[K
[3.920s] [01m[K/home/gabriel/Desktop/SLAM_Thesis/src/measurement_model.hpp:43:12:[m[K [01;36m[Knote: [m[K  candidate expects 5 arguments, 7 provided
[8.432s] gmake[2]: *** [CMakeFiles/fastslam_node.dir/build.make:76: CMakeFiles/fastslam_node.dir/src/fastslam_node.cpp.o] Error 1
[8.432s] gmake[1]: *** [CMakeFiles/Makefile2:137: CMakeFiles/fastslam_node.dir/all] Error 2
[8.433s] gmake: *** [Makefile:146: all] Error 2
[8.437s] Invoked command in '/home/gabriel/Desktop/SLAM_Thesis/build/fastslam_thesis' returned '2': CMAKE_PREFIX_PATH=${CMAKE_PREFIX_PATH}:/opt/ros/humble /usr/bin/cmake --build /home/gabriel/Desktop/SLAM_Thesis/build/fastslam_thesis -- -j8 -l8
